hello_word_test_abc
helloWordIndexAbc
HelloWordIndexAbd